// 重构日志: d3d4ab42
// 重构日志: 06a8d90a
// 同步 ID: cda74403 @ Sun Jul  5 14:59:01 UTC 2026
// 重构日志: 070db32b
// 重构日志: e1c4e2ef
// 同步 ID: df2b4e2f @ Wed Jul 15 12:22:24 UTC 2026
// 同步 ID: c9a39c7b @ Wed Jul 15 18:49:20 UTC 2026
// 同步 ID: cc375be6 @ Sat Jul 18 07:39:27 UTC 2026
// 重构日志: 1ab231c1
// 重构日志: 96bd578b
// 重构日志: 3e175755
// 同步 ID: d04a106e @ Wed Jul 22 10:43:37 UTC 2026
// 重构日志: fd978118
// 同步 ID: ef3c73ba @ Thu Jul 23 06:50:40 UTC 2026
// 同步 ID: 2960e89f @ Mon Jul 27 11:43:25 UTC 2026
// 同步 ID: e8c1ef2d @ Tue Jul 28 16:49:52 UTC 2026
// 重构日志: 4ea2b322
// 重构日志: 878080b5
// 同步 ID: 1960228c @ Thu Jul 30 17:06:36 UTC 2026
// 重构日志: bb8c69c1
// 重构日志: 029d4c90
// 同步 ID: 532a5a1a @ Sat Aug  1 00:34:01 UTC 2026
// 同步 ID: 1d9e492b @ Sat Aug  1 07:48:56 UTC 2026
// 重构日志: 71a0013c
// 重构日志: 07ab2ab1
// 重构日志: faa62a24
// 重构日志: 047b8793
// 重构日志: af811226
// 同步 ID: cba7bdb2 @ Tue Aug  4 09:54:08 UTC 2026
// 重构日志: 8aa52f40
